[
["Leopold Museum", "https:\/\/en.wikipedia.org\/wiki\/Leopold_Museum"],
["National Gallery Prague", "https:\/\/en.wikipedia.org\/wiki\/National_Gallery_Prague"],
["Louisiana Museum of Modern Art", "https:\/\/en.wikipedia.org\/wiki\/Louisiana_Museum_of_Modern_Art"],
["Musee d'Orsay", "https:\/\/ro.wikipedia.org\/wiki\/Mus%C3%A9e_d%27Orsay"],
["Musée des Beaux-Arts de Dijon", "https:\/\/en.wikipedia.org\/wiki\/Mus%C3%A9e_des_Beaux-Arts_de_Dijon"],
["Museum of Fine Arts", "https:\/\/en.wikipedia.org\/wiki\/Museum_of_Fine_Arts_(Budapest)"],
["Museum Boijmans Van Beuningen", "https:\/\/en.wikipedia.org\/wiki\/Museum_Boijmans_Van_Beuningen"],
["Muzeul Național al Serbiei", "https:\/\/ro.wikipedia.org\/wiki\/Muzeul_Na%C8%9Bional_al_Serbiei"],
["Gothenburg Museum of Art", "https:\/\/en.wikipedia.org\/wiki\/Gothenburg_Museum_of_Art"],
["Kunstmuseum", "https:\/\/en.wikipedia.org\/wiki\/Museum_of_Fine_Arts_Bern"],
["Kunsthaus Zürich", "https:\/\/en.wikipedia.org\/wiki\/Kunsthaus_Z%C3%BCrich"],
["Fitzwilliam Museum", "https:\/\/en.wikipedia.org\/wiki\/Fitzwilliam_Museum"],
["Kelvingrove Art Gallery and Museum", "https:\/\/en.wikipedia.org\/wiki\/Kelvingrove_Art_Gallery_and_Museum"],
["Scottish National Gallery", "https:\/\/en.wikipedia.org\/wiki\/Scottish_National_Gallery"],
["Museum of Fine Arts of Lyon", "https:\/\/en.wikipedia.org\/wiki\/Museum_of_Fine_Arts_of_Lyon"],
["Ateneum Art Museum", "https:\/\/en.wikipedia.org\/wiki\/Ateneum"],
["Berggruen Museum", "https:\/\/en.wikipedia.org\/wiki\/Berggruen_Museum"],
["Van Gogh Museum", "https:\/\/en.wikipedia.org\/wiki\/Van_Gogh_Museum"],
["Pushkin State Museum of Fine Arts", "https:\/\/en.wikipedia.org\/wiki\/Pushkin_Museum"],
["Kunstmuseum Solothurn", "https:\/\/en.wikipedia.org\/wiki\/Kunstmuseum_Solothurn"],
["Muzeul National de Arta al Romaniei", "https:\/\/ro.wikipedia.org\/wiki\/Muzeul_Na%C8%9Bional_de_Art%C4%83_al_Rom%C3%A2niei"],
["Muzeul de Arta Brasov", "https:\/\/ro.wikipedia.org\/wiki\/Muzeul_de_Art%C4%83_din_Bra%C8%99ov"],
["Muzeul de Arta din Palatul Culturii Iasi", "https:\/\/ro.wikipedia.org\/wiki\/Muzeul_de_Art%C4%83_din_Ia%C8%99i"],
["Muzeul Bucovinei", "https:\/\/ro.wikipedia.org\/wiki\/Muzeul_Bucovinei"],
["Muzeul de Arta din Constanta", "https:\/\/ro.wikipedia.org\/wiki\/Muzeul_de_Art%C4%83_din_Constan%C8%9Ba"],
["Muzeul de Arta Vizuala din Galati", "https:\/\/ro.wikipedia.org\/wiki\/Muzeul_de_Art%C4%83_Vizual%C4%83_din_Gala%C8%9Bi"],
["Palatul Banffy cu Muzeul National de Arta din Cluj", "https:\/\/ro.wikipedia.org\/wiki\/Muzeul_de_Art%C4%83_din_Cluj-Napoca"],
["Muzeul de Arta Timisoara", "https:\/\/ro.wikipedia.org\/wiki\/Muzeul_de_Art%C4%83_din_Timi%C8%99oara"],
["Kunsthistorisches Museum", "https:\/\/en.wikipedia.org\/wiki\/Kunsthistorisches_Museum"],
["Alte Pinakothek", "https:\/\/en.wikipedia.org\/wiki\/Alte_Pinakothek"],
["National Art Gallery of Bologna", "https:\/\/en.wikipedia.org\/wiki\/Pinacoteca_Nazionale_di_Bologna"],
["Uffizi Gallery", "https:\/\/en.wikipedia.org\/wiki\/Uffizi"],
["Pinacoteca di Brera", "https:\/\/en.wikipedia.org\/wiki\/Pinacoteca_di_Brera"],
["Galleria Borghese", "https:\/\/en.wikipedia.org\/wiki\/Galleria_Borghese"],
["Vatican Museums", "https:\/\/en.wikipedia.org\/wiki\/Vatican_Museums"],
["Gallerie dell'Accademia", "https:\/\/en.wikipedia.org\/wiki\/Gallerie_dell%27Accademia"],
["Hermitage Museum", "https:\/\/en.wikipedia.org\/wiki\/Hermitage_Museum"],
["Museo Nacional del Prado", "https:\/\/en.wikipedia.org\/wiki\/Museo_del_Prado"],
["Odessa Museum of Western and Eastern Art", "https:\/\/en.wikipedia.org\/wiki\/Odessa_Museum_of_Western_and_Eastern_Art"],
["National Gallery", "https:\/\/en.wikipedia.org\/wiki\/National_Gallery"],
["Muzeul Brukenthal Sibiu", "https:\/\/ro.wikipedia.org\/wiki\/Muzeul_Na%C8%9Bional_Brukenthal_din_Sibiu"],
["Musée du Louvre", "https:\/\/ro.wikipedia.org\/wiki\/Muzeul_Luvru"],
["Ashmolean Museum", "https:\/\/en.wikipedia.org\/wiki\/Ashmolean_Museum"],
["Musée des Beaux-Arts de Strasbourg", "https:\/\/en.wikipedia.org\/wiki\/Mus%C3%A9e_des_Beaux-Arts_de_Strasbourg"],
["Museu Nacional de Arte Antiga", "https:\/\/en.wikipedia.org\/wiki\/National_Museum_of_Ancient_Art"],
["Galleria nazionale di Parma", "https:\/\/en.wikipedia.org\/wiki\/Galleria_nazionale_di_Parma"],
["Princes Czartoryski Museum", "https:\/\/en.wikipedia.org\/wiki\/Czartoryski_Museum"],
["Muzeul Național din Varșovia", "https:\/\/ro.wikipedia.org\/wiki\/Muzeul_Na%C8%9Bional_din_Var%C8%99ovia"],
["Museu Nacional d'Art de Catalunya", "https:\/\/en.wikipedia.org\/wiki\/Museu_Nacional_d%27Art_de_Catalunya"],
["Musée des Beaux-Arts de Caen", "https:\/\/en.wikipedia.org\/wiki\/Mus%C3%A9e_des_Beaux-Arts_de_Caen"],
["Sabauda Gallery", "https:\/\/en.wikipedia.org\/wiki\/Sabauda_Gallery"],
["Groeningemuseum", "https:\/\/en.wikipedia.org\/wiki\/Groeningemuseum"],
["Städel Museum", "https:\/\/en.wikipedia.org\/wiki\/St%C3%A4del_Museum"],
["Benaki Museum", "https:\/\/en.wikipedia.org\/wiki\/Benaki_Museum"],
["Museo de Bellas Artes de Sevilla", "https:\/\/en.wikipedia.org\/wiki\/Museum_of_Fine_Arts_of_Seville"],
["Toledo Cathedral", "https:\/\/en.wikipedia.org\/wiki\/Toledo_Cathedral"],
["Museu de Belles Arts de València", "https:\/\/en.wikipedia.org\/wiki\/Museu_de_Belles_Arts_de_Val%C3%A8ncia"],
["Royal Museums of Fine Arts", "https:\/\/en.wikipedia.org\/wiki\/Royal_Museums_of_Fine_Arts_of_Belgium"],
["Nationalmuseum", "https:\/\/en.wikipedia.org\/wiki\/Nationalmuseum"],
["Museum of Western and Oriental Art", "https:\/\/en.wikipedia.org\/wiki\/Museum_of_Western_and_Oriental_Art"],
["Residenzgalerie", "https:\/\/en.wikipedia.org\/wiki\/Residenzgalerie"],
["Mauritshuis", "https:\/\/en.wikipedia.org\/wiki\/Mauritshuis"],
["Musée des Augustins de Toulouse", "https:\/\/en.wikipedia.org\/wiki\/Mus%C3%A9e_des_Augustins"],
["Borys Voznytsky Lviv National Art Gallery", "https:\/\/en.wikipedia.org\/wiki\/Lviv_National_Art_Gallery"],
["Birmingham Museum and Art Gallery", "https:\/\/en.wikipedia.org\/wiki\/Birmingham_Museum_and_Art_Gallery"],
["Walker Art Gallery", "https:\/\/en.wikipedia.org\/wiki\/Walker_Art_Gallery"],
["National Gallery for Foreign Art", "https:\/\/en.wikipedia.org\/wiki\/National_Gallery_for_Foreign_Art"],
["Musée des Beaux-Arts de Nice", "https:\/\/en.wikipedia.org\/wiki\/Mus%C3%A9e_des_Beaux-Arts_de_Nice"],
["Guggenheim Museum Bilbao", "https:\/\/en.wikipedia.org\/wiki\/Guggenheim_Museum_Bilbao"],
["Art Pavilion in Zagreb", "https:\/\/en.wikipedia.org\/wiki\/Art_Pavilion,_Zagreb"],
["Hamburger Kunsthalle", "https:\/\/en.wikipedia.org\/wiki\/Kunsthalle_Hamburg"],
["Lentos Art Museum", "https:\/\/en.wikipedia.org\/wiki\/Lentos_Art_Museum"],
["Universalmuseum Joanneum", "https:\/\/en.wikipedia.org\/wiki\/Universalmuseum_Joanneum"],
["Royal Museum of Fine Arts Antwerp", "https:\/\/en.wikipedia.org\/wiki\/Royal_Museum_of_Fine_Arts_Antwerp"],
["Museum of Fine Arts Ghent", "https:\/\/en.wikipedia.org\/wiki\/Museum_of_Fine_Arts,_Ghent"],
["Musée des Beaux-Arts Tournai", "https:\/\/en.wikipedia.org\/wiki\/Mus%C3%A9e_des_Beaux-Arts_Tournai"],
["Museum of Fine Arts Split", "https:\/\/en.wikipedia.org\/wiki\/Gallery_of_Fine_Arts,_Split"],
["Musée du Petit Palais", "https:\/\/en.wikipedia.org\/wiki\/Mus%C3%A9e_du_Petit_Palais,_Avignon"],
["Musée des Beaux-Arts de Bordeaux", "https:\/\/en.wikipedia.org\/wiki\/Mus%C3%A9e_des_Beaux-Arts_de_Bordeaux"],
["Museum of Grenoble", "https:\/\/en.wikipedia.org\/wiki\/Museum_of_Grenoble"],
["Louvre-Lens", "https:\/\/en.wikipedia.org\/wiki\/Louvre-Lens"],
["Palais des Beaux-Arts de Lille", "https:\/\/en.wikipedia.org\/wiki\/Palais_des_Beaux-Arts_de_Lille"],
["Centre Pompidou-Metz", "https:\/\/en.wikipedia.org\/wiki\/Centre_Pompidou-Metz"],
["Musée Ingres", "https:\/\/en.wikipedia.org\/wiki\/Mus%C3%A9e_Ingres"],
["Musée Fabre", "https:\/\/en.wikipedia.org\/wiki\/Mus%C3%A9e_Fabre"],
["Museum of Fine Arts of Nancy", "https:\/\/en.wikipedia.org\/wiki\/Museum_of_Fine_Arts_of_Nancy"],
["Fine Arts Museum of Nantes", "https:\/\/en.wikipedia.org\/wiki\/Mus%C3%A9e_d%27Arts_de_Nantes"],
["Musée des Beaux-Arts de Nîmes", "https:\/\/en.wikipedia.org\/wiki\/Mus%C3%A9e_des_Beaux-Arts_de_N%C3%AEmes"],
["Musée Sainte-Croix", "https:\/\/en.wikipedia.org\/wiki\/Mus%C3%A9e_Sainte-Croix"],
["Museum of Fine Arts Reims", "https:\/\/en.wikipedia.org\/wiki\/Museum_of_Fine_Arts,_Reims"],
["Museum of Fine Arts of Rennes", "https:\/\/en.wikipedia.org\/wiki\/Museum_of_Fine_Arts_of_Rennes"],
["Musée des Beaux-Arts de Rouen", "https:\/\/en.wikipedia.org\/wiki\/Mus%C3%A9e_des_Beaux-Arts_de_Rouen"],
["Musée des Beaux-Arts de Tours", "https:\/\/en.wikipedia.org\/wiki\/Mus%C3%A9e_des_Beaux-Arts_de_Tours"],
["Musée des beaux-arts de Troyes", "https:\/\/en.wikipedia.org\/wiki\/Mus%C3%A9e_des_beaux-arts_de_Troyes"],
["Kunstmuseum Bonn", "https:\/\/en.wikipedia.org\/wiki\/Kunstmuseum_Bonn"],
["Herzog Anton Ulrich Museum", "https:\/\/en.wikipedia.org\/wiki\/Herzog_Anton_Ulrich_Museum"],
["Kunsthalle Bremen", "https:\/\/en.wikipedia.org\/wiki\/Kunsthalle_Bremen"],
["Gemäldegalerie Alte Meister", "https:\/\/en.wikipedia.org\/wiki\/Gem%C3%A4ldegalerie_Alte_Meister"],
["Angermuseum", "https:\/\/en.wikipedia.org\/wiki\/Angermuseum"],
["Museum Folkwang", "https:\/\/en.wikipedia.org\/wiki\/Museum_Folkwang"]
]
