[
["Gustav Klimt", "https:\/\/upload.wikimedia.org\/wikipedia\/commons\/thumb\/d\/d8\/Klimt.jpg\/435px-Klimt.jpg"],
["Claude Monet", "https:\/\/upload.wikimedia.org\/wikipedia\/commons\/thumb\/a\/a4\/Claude_Monet_1899_Nadar_crop.jpg\/330px-Claude_Monet_1899_Nadar_crop.jpg"],
["Vincent Van Gogh", "https:\/\/upload.wikimedia.org\/wikipedia\/commons\/thumb\/a\/aa\/Vincent_van_Gogh_-_Self-portrait_with_grey_felt_hat_-_Google_Art_Project.jpg\/330px-Vincent_van_Gogh_-_Self-portrait_with_grey_felt_hat_-_Google_Art_Project.jpg"],
["Ion Andreescu", "https:\/\/upload.wikimedia.org\/wikipedia\/commons\/1\/13\/Andreescu_-_Autoportret_1882.jpg"],
["Theodor Aman", "https:\/\/upload.wikimedia.org\/wikipedia\/commons\/thumb\/c\/c3\/Theodor_Aman_-_Autoportret02.jpg\/435px-Theodor_Aman_-_Autoportret02.jpg"],
["Nicolae Grigorescu", "https:\/\/upload.wikimedia.org\/wikipedia\/commons\/thumb\/b\/bd\/Nicolae_Grigorescu_-_Foto02.jpg\/330px-Nicolae_Grigorescu_-_Foto02.jpg"],
["Stefan Luchian", "https:\/\/upload.wikimedia.org\/wikipedia\/commons\/thumb\/2\/21\/Self-Portrait_Stefan_Luchian.jpg\/330px-Self-Portrait_Stefan_Luchian.jpg"],
["Theodor Pallady", "https:\/\/upload.wikimedia.org\/wikipedia\/commons\/thumb\/e\/e4\/Stamp_1971_-_Theodor_Pallady_-_Autoportret.jpg\/330px-Stamp_1971_-_Theodor_Pallady_-_Autoportret.jpg"],
["Corneliu Baba", "https:\/\/upload.wikimedia.org\/wikipedia\/commons\/thumb\/8\/82\/Corneliu_Baba.jpg\/330px-Corneliu_Baba.jpg"],
["Nicolae Tonitza", "https:\/\/upload.wikimedia.org\/wikipedia\/commons\/thumb\/e\/e1\/TonitzaTonitzacca1923.PNG\/435px-TonitzaTonitzacca1923.PNG"],
["Titian", "https:\/\/upload.wikimedia.org\/wikipedia\/commons\/thumb\/5\/53\/Tizian_090.jpg\/330px-Tizian_090.jpg"],
["Michelangelo", "https:\/\/upload.wikimedia.org\/wikipedia\/commons\/thumb\/5\/5e\/Miguel_%C3%81ngel%2C_por_Daniele_da_Volterra_%28detalle%29.jpg\/330px-Miguel_%C3%81ngel%2C_por_Daniele_da_Volterra_%28detalle%29.jpg"],
["Raphael", "https:\/\/upload.wikimedia.org\/wikipedia\/commons\/thumb\/f\/f6\/Raffaello_Sanzio.jpg\/330px-Raffaello_Sanzio.jpg"],
["Leonardo da Vinci", "https:\/\/upload.wikimedia.org\/wikipedia\/commons\/thumb\/c\/cb\/Francesco_Melzi_-_Portrait_of_Leonardo.png\/330px-Francesco_Melzi_-_Portrait_of_Leonardo.png"],
["Jacopo Bassano", "https:\/\/upload.wikimedia.org\/wikipedia\/commons\/thumb\/4\/48\/Jacopo_da_Ponte_012.jpg\/330px-Jacopo_da_Ponte_012.jpg"],
["Tintoretto", "https:\/\/upload.wikimedia.org\/wikipedia\/commons\/thumb\/c\/ca\/Tintoretto_-_Self-Portrait_as_a_Young_Man.jpg\/330px-Tintoretto_-_Self-Portrait_as_a_Young_Man.jpg"],
["Paolo Veronese", "https:\/\/upload.wikimedia.org\/wikipedia\/commons\/thumb\/c\/c8\/Paolo_Veronese%2C_avtoportret.jpg\/300px-Paolo_Veronese%2C_avtoportret.jpg"],
["Lucas Cranach", "https:\/\/upload.wikimedia.org\/wikipedia\/commons\/thumb\/2\/22\/Lucas_Cranach_d._%C3%84._063.jpg\/330px-Lucas_Cranach_d._%C3%84._063.jpg"],
["Hieronymus Bosch", "https:\/\/upload.wikimedia.org\/wikipedia\/commons\/thumb\/2\/2d\/Jheronimus_Bosch_%28cropped%29.jpg\/330px-Jheronimus_Bosch_%28cropped%29.jpg"],
["Lorenzo Lotto", "https:\/\/upload.wikimedia.org\/wikipedia\/commons\/thumb\/2\/2b\/Lotto-lorenzo-self-portrait-31862-p.jpg\/330px-Lotto-lorenzo-self-portrait-31862-p.jpg"],
["El Greco", "https:\/\/upload.wikimedia.org\/wikipedia\/commons\/thumb\/7\/7f\/El_caballero_de_la_mano_en_el_pecho%2C_by_El_Greco%2C_from_Prado_in_Google_Earth.jpg\/330px-El_caballero_de_la_mano_en_el_pecho%2C_by_El_Greco%2C_from_Prado_in_Google_Earth.jpg"],
["Anthony van Dyck", "https:\/\/upload.wikimedia.org\/wikipedia\/commons\/thumb\/1\/13\/Anthonyvandyckselfportrait.jpeg\/330px-Anthonyvandyckselfportrait.jpeg"],
["Jacob Jordaens", "https:\/\/upload.wikimedia.org\/wikipedia\/commons\/thumb\/6\/68\/Jacob_Jordaens_-_Zelfportret_-_Autoportrait_-_Fonds_Generet_-_Koning_Boudewijnstichting_-_Fondation_Roi_Baudouin.jpg\/330px-Jacob_Jordaens_-_Zelfportret_-_Autoportrait_-_Fonds_Generet_-_Koning_Boudewijnstichting_-_Fondation_Roi_Baudouin.jpg"],
["Rembrandt", "https:\/\/upload.wikimedia.org\/wikipedia\/commons\/thumb\/c\/ca\/Rembrant_Self-Portrait%2C_1660.jpg\/330px-Rembrant_Self-Portrait%2C_1660.jpg"],
["Peter Paul Rubens", "https:\/\/upload.wikimedia.org\/wikipedia\/commons\/thumb\/a\/a7\/Sir_Peter_Paul_Rubens_-_Portrait_of_the_Artist_-_Google_Art_Project.jpg\/330px-Sir_Peter_Paul_Rubens_-_Portrait_of_the_Artist_-_Google_Art_Project.jpg"],
["Bartolome Esteban Murillo", "https:\/\/upload.wikimedia.org\/wikipedia\/commons\/thumb\/b\/b5\/Autorretrato_de_Murillo.jpg\/330px-Autorretrato_de_Murillo.jpg"],
["Nicolas Poussin", "https:\/\/upload.wikimedia.org\/wikipedia\/commons\/thumb\/d\/d9\/Nicolas_Poussin_078.jpg\/330px-Nicolas_Poussin_078.jpg"],
["Rosalba Carriera", "https:\/\/upload.wikimedia.org\/wikipedia\/commons\/thumb\/c\/ca\/Rosalba_Carriera_Self-portrait.jpg\/330px-Rosalba_Carriera_Self-portrait.jpg"],
["Pablo Picasso", "https:\/\/upload.wikimedia.org\/wikipedia\/commons\/thumb\/9\/98\/Pablo_picasso_1.jpg\/330px-Pablo_picasso_1.jpg"],
["Joan Miro", "https:\/\/upload.wikimedia.org\/wikipedia\/commons\/thumb\/5\/5c\/Portrait_of_Joan_Miro%2C_Barcelona_1935_June_13.jpg\/330px-Portrait_of_Joan_Miro%2C_Barcelona_1935_June_13.jpg"],
["Jacques-Louis David", "https:\/\/upload.wikimedia.org\/wikipedia\/commons\/thumb\/c\/c6\/David_Self_Portrait.jpg\/330px-David_Self_Portrait.jpg"],
["Eugene Delacroix", "https:\/\/upload.wikimedia.org\/wikipedia\/commons\/thumb\/1\/13\/Eug%C3%A8ne_Ferdinand_Victor_Delacroix_051.jpg\/330px-Eug%C3%A8ne_Ferdinand_Victor_Delacroix_051.jpg"],
["Francisco de Goya", "https:\/\/upload.wikimedia.org\/wikipedia\/commons\/thumb\/1\/1d\/Autorretrato_Goya_1815.jpg\/330px-Autorretrato_Goya_1815.jpg"],
["Domenico Veneziano", "https:\/\/www.wga.hu\/biojpg\/d\/domenico\/venezian\/biograph.jpg"],
["Misu Popp", "https:\/\/upload.wikimedia.org\/wikipedia\/commons\/thumb\/9\/98\/Misu_Popp_-_Foto01.jpg\/330px-Misu_Popp_-_Foto01.jpg"]
]
