[
["Austria", "https:\/\/ro.wikipedia.org\/wiki\/Austria"],
["Belgia", "https:\/\/ro.wikipedia.org\/wiki\/Belgia"],
["Bulgaria", "https:\/\/ro.wikipedia.org\/wiki\/Bulgaria"],
["Cehia", "https:\/\/ro.wikipedia.org\/wiki\/Cehia"],
["Croatia", "https:\/\/ro.wikipedia.org\/wiki\/Croatia"],
["Danemarca", "https:\/\/ro.wikipedia.org\/wiki\/Danemarca"],
["Finlanda", "https:\/\/ro.wikipedia.org\/wiki\/Finlanda"],
["Franta", "https:\/\/ro.wikipedia.org\/wiki\/Fran%C8%9Ba"],
["Germania", "https:\/\/ro.wikipedia.org\/wiki\/Germania"],
["Grecia", "https:\/\/ro.wikipedia.org\/wiki\/Grecia"],
["Ungaria", "https:\/\/ro.wikipedia.org\/wiki\/Ungaria"],
["Italia", "https:\/\/ro.wikipedia.org\/wiki\/Italia"],
["Tarile De Jos", "https:\/\/ro.wikipedia.org\/wiki\/%C8%9A%C4%83rile_de_Jos"],
["Polonia", "https:\/\/ro.wikipedia.org\/wiki\/Polonia"],
["Portugalia", "https:\/\/ro.wikipedia.org\/wiki\/Portugalia"],
["Rusia", "https:\/\/ro.wikipedia.org\/wiki\/Rusia"],
["Serbia", "https:\/\/ro.wikipedia.org\/wiki\/Serbia"],
["Spania", "https:\/\/ro.wikipedia.org\/wiki\/Spania"],
["Suedia", "https:\/\/ro.wikipedia.org\/wiki\/Suedia"],
["Elvetia", "https:\/\/ro.wikipedia.org\/wiki\/Elve%C8%9Bia"],
["Ucraina", "https:\/\/ro.wikipedia.org\/wiki\/Ucraina"],
["Regatul Unit", "https:\/\/ro.wikipedia.org\/wiki\/Regatul_Unit_al_Marii_Britanii_%C8%99i_al_Irlandei_de_Nord"],
["Romania", "https:\/\/ro.wikipedia.org\/wiki\/Rom%C3%A2nia"]
]
